// Jest Snapshot v1, https://goo.gl/fbAQLP

exports[`presetGenerator package.json matches snapshot 1`] = `
Object {
  "bugs": Object {
    "url": "https://github.com/chiubaka/preset/issues",
  },
  "dependencies": Object {},
  "devDependencies": Object {
    "@chiubaka/eslint-config": "^0.6.3",
    "@chiubaka/tsconfig": "^mocked",
    "@nrwl/eslint-plugin-nx": "15.4.8",
    "@nrwl/jest": "15.4.8",
    "eslint": "^mocked",
    "husky": "^mocked",
    "jest": "^28.1.3",
    "lint-staged": "^mocked",
    "prettier": "^2.8.8",
    "ts-jest": "^28.0.8",
    "tslib": "^mocked",
  },
  "homepage": "https://github.com/chiubaka/preset#readme",
  "name": "preset",
  "repository": Object {
    "type": "git",
    "url": "git+ssh://git@github.com/chiubaka/preset.git",
  },
  "scripts": Object {
    "build:affected": "nx affected --target=build",
    "build:ci": "yarn build:affected --base=$NX_BASE --head=$NX_HEAD",
    "deploy": "nx deploy $@ --configuration=production",
    "deploy:ci": "yarn deploy",
    "e2e": "nx e2e",
    "e2e:affected": "nx affected --target=e2e",
    "e2e:all": "nx run-many --target=e2e --all",
    "lint": "nx lint",
    "lint:affected": "nx affected --target=lint",
    "lint:all": "yarn lint:root && yarn lint:packages",
    "lint:ci": "yarn lint:root && yarn lint:affected --base=$NX_BASE --head=$NX_HEAD",
    "lint:fix:all": "yarn lint:fix:root; yarn lint:fix:packages",
    "lint:fix:packages": "yarn lint:packages --fix",
    "lint:fix:root": "yarn lint:root --fix",
    "lint:packages": "nx run-many --target=lint --all",
    "lint:root": "yarn exec eslint .",
    "lint:staged": "lint-staged",
    "prepare": "husky install",
    "test:affected": "nx affected --target=test",
    "test:all": "nx run-many --target=test --all",
    "test:ci": "./scripts/test-ci.sh",
    "test:ci:affected": "yarn test:affected --ci --coverage --base=$NX_BASE --head=$NX_HEAD && yarn e2e:affected --ci --coverage --base=$NX_BASE --head=$NX_HEAD",
    "test:ci:all": "yarn test:all --ci --coverage && yarn e2e:all --ci --coverage",
  },
  "workspaces": Object {
    "packages": Array [
      "packages/*",
    ],
  },
}
`;
