// Jest Snapshot v1, https://goo.gl/fbAQLP

exports[`eslintProjectGenerator .eslintrc.json matches snapshot 1`] = `
{
  "extends": [
    "../../.eslintrc.json",
  ],
  "ignorePatterns": [
    "node_modules",
  ],
  "overrides": [
    {
      "files": [
        "jest.config.ts",
        "test/**/*.ts",
        "*.spec.ts",
        "*.test.ts",
      ],
      "parserOptions": {
        "project": [
          "packages/eslint-project/tsconfig.spec.json",
        ],
      },
    },
    {
      "excludedFiles": [
        "jest.config.ts",
        "test/**/*.ts",
        "*.spec.ts",
        "*.test.ts",
      ],
      "files": [
        "*.ts",
      ],
      "parserOptions": {
        "project": [
          "packages/eslint-project/tsconfig.lib.json",
        ],
      },
    },
  ],
}
`;
