// Jest Snapshot v1, https://goo.gl/fbAQLP

exports[`jestProjectGenerator jest.config.ts matches snapshot 1`] = `
"export default {
  displayName: \\"jest-project\\",
  preset: \\"../../jest.preset.js\\",
    globals: {
    \\"ts-jest\\": {
      tsconfig: \\"<rootDir>/tsconfig.spec.json\\",
    },
  },
      transform: {
        \\"^.+\\\\\\\\.[tj]s$\\": \\"ts-jest\\",
      },
    moduleFileExtensions: [\\"ts\\", \\"js\\", \\"html\\", \\"json\\"],
    coverageDirectory: \\"../../reports/coverage/packages/jest-project\\",
  reporters: [
    \\"default\\",
    [
      \\"jest-junit\\",
      {
        addFileAttribute: \\"true\\",
        classNameTemplate: \\"{suitename}\\",
        outputDirectory: \\"reports/junit\\",
        outputName: \\"jest-project.xml\\",
      },
    ],
  ],
};
"
`;
